

 _   __      _          _   __           
| | / /     | |        | | / /           
| |/ / _   _| |__   ___| |/ /  ___ _   _ 
|    \| | | | '_ \ / _ \    \ / _ \ | | |
| |\  \ |_| | |_) |  __/ |\  \  __/ |_| |
\_| \_/\__,_|_.__/ \___\_| \_/\___|\__, |
                                    __/ |
                                   |___/

03:44:31 CST [Playbook default/install-7dxb4] start
03:44:36 CST gather_facts
[localhost] success
03:44:36 CST [roles/native/root] OS | Add sudo secure path
[localhost] success
03:44:36 CST [playbooks/hook] Pre | Copy pre-installation scripts to remote hosts
[localhost] ignore 
03:44:36 CST [playbooks/hook] Pre | Execute pre-installation scripts on remote hosts
[localhost] skip   
03:44:36 CST gather_facts
[localhost] success
03:44:36 CST [roles/defaults] Defaults | Reset temporary directory
[localhost] success
03:44:37 CST [roles/defaults] Defaults | Load version-specific settings for Kubernetes
[localhost] success
03:44:37 CST [roles/defaults] Defaults | Load default templates download
[localhost] success
03:44:37 CST [roles/defaults] Defaults | Determine operating system architecture for each node
[localhost] success
03:44:37 CST [roles/defaults] Defaults | Get kubelet.service LoadState
[localhost] skip   
03:44:37 CST [roles/defaults] Defaults | Get kubelet.service ActiveState
[localhost] skip   
03:44:38 CST [roles/defaults] Defaults | Get installed Kubernetes version
[localhost] skip   
03:44:38 CST [roles/defaults] Defaults | Get etcd.service LoadState and save to variable
[localhost] skip   
03:44:38 CST [roles/defaults] Defaults | Get etcd.service ActiveState and save to variable
[localhost] skip   
03:44:38 CST [roles/defaults] Defaults | Get installed etcd version
[localhost] skip   
03:44:38 CST [roles/defaults] Defaults | Select the initialization node for the cluster
[localhost] success
03:44:39 CST [roles/precheck/inventory] Inventory | Kubernetes groups must not be empty
[localhost] failed 
03:44:39 CST [Playbook default/install-7dxb4] finish. total: 17,success: 15,ignored: 1,failed: 1
03:44:39 CST [Playbook default/install-7dxb4] ERROR: task [Inventory | Kubernetes groups must not be empty](default/install-7dxb4-bmjvt) run failed: 
[localhost][executor]: module run failed
[localhost][item=<nil>][0]: 
stdout: failed
stderr: The Kubernetes inventory groups "k8s_cluster" and "kube_control_plane" must not be empty. Please ensure both groups are present and correctly specified in your inventory file.
error: The Kubernetes inventory groups "k8s_cluster" and "kube_control_plane" must not be empty. Please ensure both groups are present and correctly specified in your inventory file.
