

 _   __      _          _   __           
| | / /     | |        | | / /           
| |/ / _   _| |__   ___| |/ /  ___ _   _ 
|    \| | | | '_ \ / _ \    \ / _ \ | | |
| |\  \ |_| | |_) |  __/ |\  \  __/ |_| |
\_| \_/\__,_|_.__/ \___\_| \_/\___|\__, |
                                    __/ |
                                   |___/

04:05:53 CST [Playbook default/precheck-kubernetes-5wrms] start
04:05:54 CST gather_facts
[47-253-179-114] success
04:06:08 CST [roles/native/root] OS | Add sudo secure path
[47-253-179-114] success
04:06:14 CST gather_facts
[47-253-179-114] success
04:06:30 CST [roles/defaults] Defaults | Reset temporary directory
[47-253-179-114] success
04:06:33 CST [roles/defaults] Defaults | Load version-specific settings for Kubernetes
[47-253-179-114] success
04:06:33 CST [roles/defaults] Defaults | Load default templates download
[47-253-179-114] success
04:06:40 CST [roles/defaults] Defaults | Determine operating system architecture for each node
[47-253-179-114] success
04:06:40 CST [roles/defaults] Defaults | Get kubelet.service LoadState
[47-253-179-114] success
04:06:44 CST [roles/defaults] Defaults | Get kubelet.service ActiveState
[47-253-179-114] success
04:06:49 CST [roles/defaults] Defaults | Get installed Kubernetes version
[47-253-179-114] ignore 
04:06:53 CST [roles/defaults] Defaults | Get etcd.service LoadState and save to variable
[47-253-179-114] success
04:06:57 CST [roles/defaults] Defaults | Get etcd.service ActiveState and save to variable
[47-253-179-114] success
04:07:03 CST [roles/defaults] Defaults | Get installed etcd version
[47-253-179-114] ignore 
04:07:06 CST [roles/defaults] Defaults | Select the initialization node for the cluster
[47-253-179-114] success
04:07:06 CST [roles/precheck/inventory] Inventory | Kubernetes groups must not be empty
[47-253-179-114] skip   
04:07:07 CST [roles/precheck/inventory] Inventory | etcd group must not be empty
[47-253-179-114] skip   
04:07:07 CST [roles/precheck/inventory] Inventory | Fail if the number of etcd hosts is even
[47-253-179-114] skip   
04:07:07 CST [roles/precheck/image-registry/network] Cert | Copy check shell
[47-253-179-114] skip   
04:07:07 CST [roles/precheck/image-registry/network] Cert | Set cert check command
[47-253-179-114] skip   
04:07:07 CST [roles/precheck/image-registry/network] Cert | Exec check shell with input certs
[47-253-179-114] skip   
04:07:07 CST [roles/precheck/image-registry/network] Cert | Exec check shell with local certs
[47-253-179-114] skip   
04:07:07 CST [roles/precheck/image-registry/network] Cert | Set auth ca
[47-253-179-114] skip   
04:07:07 CST [roles/precheck/artifact] Artifact | Validate artifact file extension
[47-253-179-114] skip   
04:07:07 CST [roles/precheck/artifact] Artifact | Verify artifact MD5 checksum
[47-253-179-114] skip   
04:07:07 CST [roles/precheck/cri] CRI | Fail if container manager is not docker or containerd
[47-253-179-114] skip   
04:07:07 CST [roles/precheck/cri] CRI | Validate minimum required containerd version
[47-253-179-114] skip   
04:07:08 CST [roles/precheck/cni] CNI | Set calico version from config or defaults
[47-253-179-114] skip   
04:07:08 CST [roles/precheck/cni] CNI | Validate calico version is allowed for the selected Kubernetes version
[47-253-179-114] skip   
04:07:08 CST [roles/precheck/cni] CNI | Validate cilium version is allowed for the selected Kubernetes version
[47-253-179-114] skip   
04:07:08 CST [roles/precheck/cni] CNI | Validate kubeovn version is allowed for the selected Kubernetes version
[47-253-179-114] skip   
04:07:08 CST [roles/precheck/cni] CNI | Ensure Spiderpool is only configured alongside Calico or Cilium networking plugins
[47-253-179-114] skip   
04:07:08 CST [roles/precheck/storageclass] StorageClass | Fail if localpv provisioner version is unsupported
[47-253-179-114] skip   
04:07:08 CST [roles/precheck/os] OS | Validate inventory hostname is RFC-compliant
[47-253-179-114] success
04:07:09 CST [roles/precheck/os] OS | Validate current host system hostname is RFC-compliant
[47-253-179-114] skip   
04:07:09 CST [roles/precheck/os] OS | Fail if operating system is not supported
[47-253-179-114] success
04:07:09 CST [roles/precheck/os] OS | Fail if architecture is not supported
[47-253-179-114] success
04:07:09 CST [roles/precheck/os] OS | Fail if master node memory is insufficient
[47-253-179-114] success
04:07:09 CST [roles/precheck/os] OS | Fail if worker node memory is insufficient
[47-253-179-114] success
04:07:09 CST [roles/precheck/os] OS | Fail if kernel version is too old
[47-253-179-114] success
04:07:09 CST [roles/precheck/network] Network | Ensure either internal_ipv4 or internal_ipv6 is defined
[47-253-179-114] success
04:07:09 CST [roles/precheck/network] Network | Ensure required network interfaces are present
[47-253-179-114] failed 
04:07:15 CST [Playbook default/precheck-kubernetes-5wrms] finish. total: 41,success: 38,ignored: 2,failed: 1
04:07:15 CST [Playbook default/precheck-kubernetes-5wrms] ERROR: task [Network | Ensure required network interfaces are present](default/precheck-kubernetes-5wrms-9jnzx) run failed: 
[47-253-179-114][executor]: module run failed
[47-253-179-114][item=<nil>][0]: 
stdout: The specified IPv4 address is not assigned to any network interface.
stderr: 
error: Process exited with status 1
