

 _   __      _          _   __           
| | / /     | |        | | / /           
| |/ / _   _| |__   ___| |/ /  ___ _   _ 
|    \| | | | '_ \ / _ \    \ / _ \ | | |
| |\  \ |_| | |_) |  __/ |\  \  __/ |_| |
\_| \_/\__,_|_.__/ \___\_| \_/\___|\__, |
                                    __/ |
                                   |___/

04:12:49 CST [Playbook default/install-dzxqf] start
04:12:54 CST gather_facts
[47-253-179-114] success
04:13:11 CST [roles/native/root] OS | Add sudo secure path
[47-253-179-114] success
04:13:15 CST [playbooks/hook] Pre | Copy pre-installation scripts to remote hosts
[47-253-179-114] ignore 
04:13:19 CST [playbooks/hook] Pre | Execute pre-installation scripts on remote hosts
[47-253-179-114] skip   
04:13:19 CST gather_facts
[47-253-179-114] success
04:13:35 CST [roles/defaults] Defaults | Reset temporary directory
[47-253-179-114] success
04:13:40 CST [roles/defaults] Defaults | Load version-specific settings for Kubernetes
[47-253-179-114] success
04:13:40 CST [roles/defaults] Defaults | Load default templates download
[47-253-179-114] success
04:13:49 CST [roles/defaults] Defaults | Determine operating system architecture for each node
[47-253-179-114] success
04:13:49 CST [roles/defaults] Defaults | Get kubelet.service LoadState
[47-253-179-114] success
04:13:53 CST [roles/defaults] Defaults | Get kubelet.service ActiveState
[47-253-179-114] success
04:13:58 CST [roles/defaults] Defaults | Get installed Kubernetes version
[47-253-179-114] ignore 
04:14:03 CST [roles/defaults] Defaults | Get etcd.service LoadState and save to variable
[47-253-179-114] success
04:14:08 CST [roles/defaults] Defaults | Get etcd.service ActiveState and save to variable
[47-253-179-114] success
04:14:11 CST [roles/defaults] Defaults | Get installed etcd version
[47-253-179-114] ignore 
04:14:17 CST [roles/defaults] Defaults | Select the initialization node for the cluster
[47-253-179-114] success
04:14:18 CST [roles/precheck/inventory] Inventory | Kubernetes groups must not be empty
[47-253-179-114] skip   
04:14:18 CST [roles/precheck/inventory] Inventory | etcd group must not be empty
[47-253-179-114] skip   
04:14:18 CST [roles/precheck/inventory] Inventory | Fail if the number of etcd hosts is even
[47-253-179-114] skip   
04:14:18 CST [roles/precheck/image-registry/network] Cert | Copy check shell
[47-253-179-114] skip   
04:14:18 CST [roles/precheck/image-registry/network] Cert | Set cert check command
[47-253-179-114] skip   
04:14:18 CST [roles/precheck/image-registry/network] Cert | Exec check shell with input certs
[47-253-179-114] skip   
04:14:19 CST [roles/precheck/image-registry/network] Cert | Exec check shell with local certs
[47-253-179-114] skip   
04:14:19 CST [roles/precheck/image-registry/network] Cert | Set auth ca
[47-253-179-114] skip   
04:14:19 CST [roles/precheck/artifact] Artifact | Validate artifact file extension
[47-253-179-114] skip   
04:14:19 CST [roles/precheck/artifact] Artifact | Verify artifact MD5 checksum
[47-253-179-114] skip   
04:14:19 CST [roles/precheck/cri] CRI | Fail if container manager is not docker or containerd
[47-253-179-114] skip   
04:14:19 CST [roles/precheck/cri] CRI | Validate minimum required containerd version
[47-253-179-114] skip   
04:14:20 CST [roles/precheck/cni] CNI | Set calico version from config or defaults
[47-253-179-114] skip   
04:14:20 CST [roles/precheck/cni] CNI | Validate calico version is allowed for the selected Kubernetes version
[47-253-179-114] skip   
04:14:20 CST [roles/precheck/cni] CNI | Validate cilium version is allowed for the selected Kubernetes version
[47-253-179-114] skip   
04:14:20 CST [roles/precheck/cni] CNI | Validate kubeovn version is allowed for the selected Kubernetes version
[47-253-179-114] skip   
04:14:20 CST [roles/precheck/cni] CNI | Ensure Spiderpool is only configured alongside Calico or Cilium networking plugins
[47-253-179-114] skip   
04:14:20 CST [roles/precheck/storageclass] StorageClass | Fail if localpv provisioner version is unsupported
[47-253-179-114] skip   
04:14:21 CST [roles/precheck/os] OS | Validate inventory hostname is RFC-compliant
[47-253-179-114] success
04:14:21 CST [roles/precheck/os] OS | Validate current host system hostname is RFC-compliant
[47-253-179-114] skip   
04:14:21 CST [roles/precheck/os] OS | Fail if operating system is not supported
[47-253-179-114] success
04:14:21 CST [roles/precheck/os] OS | Fail if architecture is not supported
[47-253-179-114] success
04:14:21 CST [roles/precheck/os] OS | Fail if master node memory is insufficient
[47-253-179-114] success
04:14:22 CST [roles/precheck/os] OS | Fail if worker node memory is insufficient
[47-253-179-114] success
04:14:22 CST [roles/precheck/os] OS | Fail if kernel version is too old
[47-253-179-114] success
04:14:22 CST [roles/precheck/network] Network | Ensure either internal_ipv4 or internal_ipv6 is defined
[47-253-179-114] success
04:14:22 CST [roles/precheck/network] Network | Ensure required network interfaces are present
[47-253-179-114] success
04:14:26 CST [roles/precheck/network] Network | Check pod CIDR includes both IPv4 and IPv6
[47-253-179-114] success
04:14:26 CST [roles/precheck/network] Network | Check service CIDR includes both IPv4 and IPv6
[47-253-179-114] success
04:14:26 CST [roles/precheck/network] Network | Ensure pod networking is properly configured for dual-stack
[47-253-179-114] skip   
04:14:26 CST [roles/precheck/network] Network | Ensure service networking is properly configured for dual-stack
[47-253-179-114] skip   
04:14:26 CST [roles/precheck/network] Network | Fail if the selected network plugin is not supported
[47-253-179-114] success
04:14:26 CST [roles/precheck/network] Network | Ensure enough IPv4 addresses are available for pods
[47-253-179-114] success
04:14:26 CST [roles/precheck/network] Network | Ensure enough IPv6 addresses are available for pods
[47-253-179-114] skip   
04:14:27 CST [roles/precheck/network] Network | Fail if Kubernetes version is too old for hybridnet
[47-253-179-114] skip   
04:14:27 CST [roles/precheck/kubernetes] Kubernetes | Validate kube-vip address
[47-253-179-114] skip   
04:14:27 CST [roles/precheck/kubernetes] Kubernetes | Fail if unsupported Kubernetes version
[47-253-179-114] success
04:14:27 CST [roles/precheck/kubernetes] Kubernetes | Ensure kubelet service is active
[47-253-179-114] skip   
04:14:27 CST [roles/precheck/kubernetes] Kubernetes | Ensure installed Kubernetes version matches expected version
[47-253-179-114] skip   
04:14:28 CST [roles/precheck/etcd] Kubernetes | Fail if etcd deployment type is not "internal" or "external"
[47-253-179-114] success
04:14:28 CST [roles/precheck/etcd] ETCD | Verify etcd minimum version for exact Kubernetes release
[47-253-179-114] skip   
04:14:28 CST [roles/precheck/etcd] ETCD | Verify etcd minimum version for Kubernetes minor release
[47-253-179-114] success
04:14:28 CST [roles/precheck/etcd] ETCD | Check if fio is installed
[47-253-179-114] ignore 
04:14:34 CST [roles/precheck/etcd] ETCD | Execute fio and collect results
[47-253-179-114] skip   
04:14:34 CST [roles/precheck/etcd] ETCD | Assert disk fsync latency meets requirements
[47-253-179-114] skip   
04:14:34 CST [roles/precheck/etcd] ETCD | Clean up fio test data directory
[47-253-179-114] skip   
04:14:34 CST [roles/precheck/nfs] NFS | Fail if more than one NFS server is defined
[47-253-179-114] skip   
04:14:34 CST [roles/native/repository] Repository | Prepare tmp files
[47-253-179-114] success
04:14:39 CST [roles/native/repository] Repository | Check system version when use Kylin
[47-253-179-114] skip   
04:14:39 CST [roles/native/repository] Repository | Define the system string based on distribution
[47-253-179-114] success
04:14:40 CST [roles/native/repository] Repository | Define the package file type by system info
[47-253-179-114] success
04:14:40 CST [roles/native/repository] Repository | Set iso file name
[47-253-179-114] success
04:14:40 CST [roles/native/repository] Repository | Copy local repository ISO file
[47-253-179-114] ignore 
04:14:43 CST [roles/native/repository] Repository | Mount repository ISO to temporary directory
[47-253-179-114] success
04:14:48 CST [roles/native/repository] Repository | Check current host debian or rhel
[47-253-179-114] success
04:14:48 CST [roles/native/repository] Repository | Initialize Debian-based repository and install required system packages
[47-253-179-114] success
04:15:04 CST [roles/native/repository] Repository | Initialize RHEL-based repository and install required system packages
[47-253-179-114] skip   
04:15:04 CST [roles/native/repository] Repository | Unmount repository ISO from temporary directory
[47-253-179-114] success
04:15:09 CST [roles/native/nfs] NFS | Generate NFS server export configuration
[47-253-179-114] skip   
04:15:09 CST [roles/native/nfs] NFS | Ensure NFS share directories exist with correct permissions
[47-253-179-114] skip   
04:15:09 CST [roles/native/nfs] NFS | Export share directories and start NFS server service
[47-253-179-114] skip   
04:15:09 CST [roles/native/ntp] NTP | Configure NTP server
[47-253-179-114] success
04:15:14 CST [roles/native/ntp] Timezone | Set system timezone and NTP synchronization
[47-253-179-114] success
04:15:18 CST [roles/native/ntp] NTP | Restart NTP service
[47-253-179-114] success
04:15:23 CST [roles/native/init] OS | Set system hostname
[47-253-179-114] success
04:15:28 CST [roles/native/init] OS | Reset gather_fact
[47-253-179-114] success
04:15:43 CST [roles/native/init] OS | Synchronize initialization script to remote node
[47-253-179-114] success
04:15:51 CST [roles/native/init] OS | Execute initialization script on remote node
[47-253-179-114] success
04:15:57 CST [roles/native/dns] DNS | Ensure local DNS entries are up-to-date
[47-253-179-114] success
04:16:01 CST [roles/native/dns] DNS | Ensure image registry control plane endpoint DNS is current
[47-253-179-114] success
04:16:06 CST [roles/native/dns] DNS | Set local DNS for kubernetes control plane endpoint
[47-253-179-114] success
04:16:09 CST [roles/etcd/prepare] Prepare | Detect installed, to-install, and to-remove etcd nodes
[47-253-179-114] success
04:16:09 CST [roles/etcd/prepare] Prepare | Ensure target etcd version is not lower than installed version
[47-253-179-114] skip   
04:16:09 CST [roles/etcd/prepare] Prepare | Copy etcd binary package to node
[47-253-179-114] failed 
04:16:12 CST [Playbook default/install-dzxqf] finish. total: 90,success: 84,ignored: 5,failed: 1
04:16:12 CST [Playbook default/install-dzxqf] ERROR: task [Prepare | Copy etcd binary package to node](default/install-dzxqf-wxvv9) run failed: 
[47-253-179-114][executor]: module run failed
[47-253-179-114][item=<nil>][0]: 
stdout: failed
stderr: failed to stat absolute path
error: stat /mnt/e/Openclaw/kk-console/kubekey/kubekey/etcd/v3.5.15/amd64/etcd-v3.5.15-linux-amd64.tar.gz: no such file or directory
