

 _   __      _          _   __           
| | / /     | |        | | / /           
| |/ / _   _| |__   ___| |/ /  ___ _   _ 
|    \| | | | '_ \ / _ \    \ / _ \ | | |
| |\  \ |_| | |_) |  __/ |\  \  __/ |_| |
\_| \_/\__,_|_.__/ \___\_| \_/\___|\__, |
                                    __/ |
                                   |___/

04:13:19 CST [Playbook default/precheck-kubernetes-kz8kw] start
04:13:20 CST gather_facts
[47-253-179-114] success
04:13:35 CST [roles/native/root] OS | Add sudo secure path
[47-253-179-114] success
04:13:40 CST gather_facts
[47-253-179-114] success
04:13:56 CST [roles/defaults] Defaults | Reset temporary directory
[47-253-179-114] success
04:14:00 CST [roles/defaults] Defaults | Load version-specific settings for Kubernetes
[47-253-179-114] success
04:14:00 CST [roles/defaults] Defaults | Load default templates download
[47-253-179-114] success
04:14:07 CST [roles/defaults] Defaults | Determine operating system architecture for each node
[47-253-179-114] success
04:14:07 CST [roles/defaults] Defaults | Get kubelet.service LoadState
[47-253-179-114] success
04:14:11 CST [roles/defaults] Defaults | Get kubelet.service ActiveState
[47-253-179-114] success
04:14:15 CST [roles/defaults] Defaults | Get installed Kubernetes version
[47-253-179-114] ignore 
04:14:20 CST [roles/defaults] Defaults | Get etcd.service LoadState and save to variable
[47-253-179-114] success
04:14:24 CST [roles/defaults] Defaults | Get etcd.service ActiveState and save to variable
[47-253-179-114] success
04:14:29 CST [roles/defaults] Defaults | Get installed etcd version
[47-253-179-114] ignore 
04:14:33 CST [roles/defaults] Defaults | Select the initialization node for the cluster
[47-253-179-114] success
04:14:33 CST [roles/precheck/inventory] Inventory | Kubernetes groups must not be empty
[47-253-179-114] skip   
04:14:33 CST [roles/precheck/inventory] Inventory | etcd group must not be empty
[47-253-179-114] skip   
04:14:33 CST [roles/precheck/inventory] Inventory | Fail if the number of etcd hosts is even
[47-253-179-114] skip   
04:14:33 CST [roles/precheck/image-registry/network] Cert | Copy check shell
[47-253-179-114] skip   
04:14:34 CST [roles/precheck/image-registry/network] Cert | Set cert check command
[47-253-179-114] skip   
04:14:34 CST [roles/precheck/image-registry/network] Cert | Exec check shell with input certs
[47-253-179-114] skip   
04:14:34 CST [roles/precheck/image-registry/network] Cert | Exec check shell with local certs
[47-253-179-114] skip   
04:14:34 CST [roles/precheck/image-registry/network] Cert | Set auth ca
[47-253-179-114] skip   
04:14:34 CST [roles/precheck/artifact] Artifact | Validate artifact file extension
[47-253-179-114] skip   
04:14:34 CST [roles/precheck/artifact] Artifact | Verify artifact MD5 checksum
[47-253-179-114] skip   
04:14:34 CST [roles/precheck/cri] CRI | Fail if container manager is not docker or containerd
[47-253-179-114] skip   
04:14:35 CST [roles/precheck/cri] CRI | Validate minimum required containerd version
[47-253-179-114] skip   
04:14:35 CST [roles/precheck/cni] CNI | Set calico version from config or defaults
[47-253-179-114] skip   
04:14:35 CST [roles/precheck/cni] CNI | Validate calico version is allowed for the selected Kubernetes version
[47-253-179-114] skip   
04:14:35 CST [roles/precheck/cni] CNI | Validate cilium version is allowed for the selected Kubernetes version
[47-253-179-114] skip   
04:14:35 CST [roles/precheck/cni] CNI | Validate kubeovn version is allowed for the selected Kubernetes version
[47-253-179-114] skip   
04:14:35 CST [roles/precheck/cni] CNI | Ensure Spiderpool is only configured alongside Calico or Cilium networking plugins
[47-253-179-114] skip   
04:14:35 CST [roles/precheck/storageclass] StorageClass | Fail if localpv provisioner version is unsupported
[47-253-179-114] skip   
04:14:36 CST [roles/precheck/os] OS | Validate inventory hostname is RFC-compliant
[47-253-179-114] success
04:14:36 CST [roles/precheck/os] OS | Validate current host system hostname is RFC-compliant
[47-253-179-114] skip   
04:14:36 CST [roles/precheck/os] OS | Fail if operating system is not supported
[47-253-179-114] success
04:14:36 CST [roles/precheck/os] OS | Fail if architecture is not supported
[47-253-179-114] success
04:14:36 CST [roles/precheck/os] OS | Fail if master node memory is insufficient
[47-253-179-114] success
04:14:36 CST [roles/precheck/os] OS | Fail if worker node memory is insufficient
[47-253-179-114] success
04:14:37 CST [roles/precheck/os] OS | Fail if kernel version is too old
[47-253-179-114] success
04:14:37 CST [roles/precheck/network] Network | Ensure either internal_ipv4 or internal_ipv6 is defined
[47-253-179-114] success
04:14:37 CST [roles/precheck/network] Network | Ensure required network interfaces are present
[47-253-179-114] success
04:14:42 CST [roles/precheck/network] Network | Check pod CIDR includes both IPv4 and IPv6
[47-253-179-114] success
04:14:42 CST [roles/precheck/network] Network | Check service CIDR includes both IPv4 and IPv6
[47-253-179-114] success
04:14:42 CST [roles/precheck/network] Network | Ensure pod networking is properly configured for dual-stack
[47-253-179-114] skip   
04:14:42 CST [roles/precheck/network] Network | Ensure service networking is properly configured for dual-stack
[47-253-179-114] skip   
04:14:42 CST [roles/precheck/network] Network | Fail if the selected network plugin is not supported
[47-253-179-114] success
04:14:42 CST [roles/precheck/network] Network | Ensure enough IPv4 addresses are available for pods
[47-253-179-114] success
04:14:43 CST [roles/precheck/network] Network | Ensure enough IPv6 addresses are available for pods
[47-253-179-114] skip   
04:14:43 CST [roles/precheck/network] Network | Fail if Kubernetes version is too old for hybridnet
[47-253-179-114] skip   
04:14:43 CST [roles/precheck/kubernetes] Kubernetes | Validate kube-vip address
[47-253-179-114] skip   
04:14:43 CST [roles/precheck/kubernetes] Kubernetes | Fail if unsupported Kubernetes version
[47-253-179-114] success
04:14:43 CST [roles/precheck/kubernetes] Kubernetes | Ensure kubelet service is active
[47-253-179-114] skip   
04:14:43 CST [roles/precheck/kubernetes] Kubernetes | Ensure installed Kubernetes version matches expected version
[47-253-179-114] skip   
04:14:44 CST [roles/precheck/etcd] Kubernetes | Fail if etcd deployment type is not "internal" or "external"
[47-253-179-114] success
04:14:44 CST [roles/precheck/etcd] ETCD | Verify etcd minimum version for exact Kubernetes release
[47-253-179-114] skip   
04:14:44 CST [roles/precheck/etcd] ETCD | Verify etcd minimum version for Kubernetes minor release
[47-253-179-114] success
04:14:44 CST [roles/precheck/etcd] ETCD | Check if fio is installed
[47-253-179-114] ignore 
04:14:50 CST [roles/precheck/etcd] ETCD | Execute fio and collect results
[47-253-179-114] skip   
04:14:50 CST [roles/precheck/etcd] ETCD | Assert disk fsync latency meets requirements
[47-253-179-114] skip   
04:14:50 CST [roles/precheck/etcd] ETCD | Clean up fio test data directory
[47-253-179-114] skip   
04:14:50 CST [roles/precheck/nfs] NFS | Fail if more than one NFS server is defined
[47-253-179-114] skip   
04:14:51 CST [Playbook default/precheck-kubernetes-kz8kw] finish. total: 61,success: 58,ignored: 3,failed: 0
