

 _   __      _          _   __           
| | / /     | |        | | / /           
| |/ / _   _| |__   ___| |/ /  ___ _   _ 
|    \| | | | '_ \ / _ \    \ / _ \ | | |
| |\  \ |_| | |_) |  __/ |\  \  __/ |_| |
\_| \_/\__,_|_.__/ \___\_| \_/\___|\__, |
                                    __/ |
                                   |___/

03:53:49 CST [Playbook default/precheck-kubernetes-hzvsv] start
03:53:50 CST gather_facts
[47-253-179-114] success
03:54:11 CST [roles/native/root] OS | Add sudo secure path
[47-253-179-114] success
03:54:17 CST gather_facts
[47-253-179-114] success
03:54:35 CST [roles/defaults] Defaults | Reset temporary directory
[47-253-179-114] success
03:54:41 CST [roles/defaults] Defaults | Load version-specific settings for Kubernetes
[47-253-179-114] success
03:54:41 CST [roles/defaults] Defaults | Load default templates download
[47-253-179-114] success
03:54:49 CST [roles/defaults] Defaults | Determine operating system architecture for each node
[47-253-179-114] success
03:54:50 CST [roles/defaults] Defaults | Get kubelet.service LoadState
[47-253-179-114] success
03:54:54 CST [roles/defaults] Defaults | Get kubelet.service ActiveState
[47-253-179-114] success
03:55:00 CST [roles/defaults] Defaults | Get installed Kubernetes version
[47-253-179-114] ignore 
03:55:04 CST [roles/defaults] Defaults | Get etcd.service LoadState and save to variable
[47-253-179-114] success
03:55:07 CST [roles/defaults] Defaults | Get etcd.service ActiveState and save to variable
